# The history clauses a file of the first or second major, of their integrations or of their example
# applications may still carry in its comments, one line per file.
#
#   path ~ count
#
# Read by .dev/validate/documentation.sh. The count is a ratchet, not an allowance: a file above its line
# fails, a file below it fails until the line is lowered, and a line for a file that carries none fails until
# it is deleted.

application/application_cli.go ~ 2
application/application_cli_test.go ~ 1
application/application_close.go ~ 1
application/application_close_test.go ~ 1
application/application_container.go ~ 1
application/application_container_test.go ~ 1
application/application.go ~ 2
application/application_http.go ~ 4
application/application_http_test.go ~ 2
application/application_module.go ~ 3
application/application_module_test.go ~ 3
application/application_test.go ~ 5
application/boot_collision.go ~ 1
application/boot_collision_test.go ~ 1
cache/in_memory.go ~ 2
cache/manager.go ~ 2
cache/manager_test.go ~ 1
cache/remember.go ~ 2
cli/command.go ~ 1
cli/command_test.go ~ 3
cli/output/envelope_factory.go ~ 1
cli/output/format.go ~ 1
cli/output/renderer.go ~ 1
cli/output/table_builder.go ~ 1
cli/output/table_printer.go ~ 4
cli/output/table_printer_test.go ~ 4
config/configuration.go ~ 1
config/configuration_resolve.go ~ 3
config/configuration_resolve_test.go ~ 5
config/configuration_test.go ~ 2
config/environment_source.go ~ 1
config/environment_source_test.go ~ 1
config/kernel_test.go ~ 1
config/parameter.go ~ 2
config/parameter_test.go ~ 1
debug/command_container.go ~ 5
debug/command_container_test.go ~ 9
debug/command_event.go ~ 1
debug/command_event_test.go ~ 2
debug/command_middleware.go ~ 1
debug/command_router_test.go ~ 2
event/event_dispatcher_adapter.go ~ 1
event/event_dispatcher_adapter_test.go ~ 1
event/event_dispatcher.go ~ 3
event/event_dispatcher_test.go ~ 1
.example/cli/product_list_command_test.go ~ 1
.example/event/user_updated_event.go ~ 1
.example/handler/health_handler.go ~ 1
.example/migration/20260907000001_schema.go ~ 1
.example/migration/ensure.go ~ 3
.example/migration/fixture_test.go ~ 1
.example/migration/migration.go ~ 1
.example/presenter/error_presenter.go ~ 1
.example/presenter/error_presenter_test.go ~ 1
.example/repository/in_memory_user_repository_test.go ~ 1
.example/repository/user_repository.go ~ 1
.example/security/password_hasher.go ~ 1
.example/security/password_hasher_test.go ~ 2
.example/security/session_token_resolver_test.go ~ 1
.example/service/cache_key.go ~ 3
.example/service/cache_lookup.go ~ 1
.example/service/cache_lookup_test.go ~ 1
.example/service/user_service_test.go ~ 1
.example/subscriber/cache_invalidation.go ~ 2
.example/subscriber/cache_invalidation_test.go ~ 1
.example/subscriber/user_event_subscriber.go ~ 2
.example/url/route_registry.go ~ 1
.example/url/route_registry_test.go ~ 1
exception/utility_test.go ~ 1
httpclient/header_map_test.go ~ 1
httpclient/http_client.go ~ 6
httpclient/http_client_test.go ~ 11
httpclient/request_option_test.go ~ 1
integrations/bunorm/manager_registry_test.go ~ 1
integrations/bunorm/migrate/base_command.go ~ 1
integrations/bunorm/migrate/command_create_test.go ~ 4
integrations/bunorm/migrate/command_init_test.go ~ 1
integrations/bunorm/migrate/command_migrate.go ~ 3
integrations/bunorm/migrate/command_migrate_test.go ~ 4
integrations/bunorm/migrate/command_rollback.go ~ 2
integrations/bunorm/migrate/command_rollback_test.go ~ 1
integrations/bunorm/migrate/migrate.go ~ 2
integrations/bunorm/migrate/migrate_test.go ~ 2
integrations/bunorm/migrate/output.go ~ 3
integrations/bunorm/migrate/output_test.go ~ 1
integrations/bunorm/migrate/v2/base_command.go ~ 1
integrations/bunorm/migrate/v2/command_create_test.go ~ 4
integrations/bunorm/migrate/v2/command_init_test.go ~ 1
integrations/bunorm/migrate/v2/command_migrate.go ~ 3
integrations/bunorm/migrate/v2/command_migrate_test.go ~ 4
integrations/bunorm/migrate/v2/command_rollback.go ~ 2
integrations/bunorm/migrate/v2/command_rollback_test.go ~ 1
integrations/bunorm/migrate/v2/migrate.go ~ 2
integrations/bunorm/migrate/v2/migrate_test.go ~ 2
integrations/bunorm/migrate/v2/output.go ~ 3
integrations/bunorm/migrate/v2/output_test.go ~ 1
integrations/bunorm/mysql/provider.go ~ 2
integrations/bunorm/mysql/provider_test.go ~ 1
integrations/bunorm/mysql/v2/provider.go ~ 2
integrations/bunorm/mysql/v2/provider_test.go ~ 1
integrations/bunorm/pgsql/provider.go ~ 1
integrations/bunorm/pgsql/provider_test.go ~ 2
integrations/bunorm/pgsql/v2/provider.go ~ 1
integrations/bunorm/pgsql/v2/provider_test.go ~ 2
integrations/cron/configuration.go ~ 1
integrations/cron/configuration_test.go ~ 2
integrations/cron/errors.go ~ 1
integrations/cron/generate_command.go ~ 5
integrations/cron/generate_command_test.go ~ 6
integrations/cron/runner_command.go ~ 9
integrations/cron/runner_command_test.go ~ 6
integrations/cron/schedule_matcher.go ~ 1
integrations/cron/schedule_matcher_test.go ~ 2
integrations/cron/template_test.go ~ 1
integrations/cron/v2/configuration.go ~ 1
integrations/cron/v2/configuration_test.go ~ 2
integrations/cron/v2/errors.go ~ 1
integrations/cron/v2/generate_command.go ~ 5
integrations/cron/v2/generate_command_test.go ~ 6
integrations/cron/v2/runner_command.go ~ 9
integrations/cron/v2/runner_command_test.go ~ 6
integrations/cron/v2/schedule_matcher.go ~ 1
integrations/cron/v2/schedule_matcher_test.go ~ 2
integrations/cron/v2/template_test.go ~ 1
integrations/cron/v2/validation.go ~ 2
integrations/cron/validation.go ~ 2
integrations/rueidis/cache/backend.go ~ 1
integrations/rueidis/cache/backend_test.go ~ 1
integrations/rueidis/client_config.go ~ 1
integrations/rueidis/provider.go ~ 1
integrations/rueidis/provider_test.go ~ 2
integrations/rueidis/rate_limit.go ~ 1
integrations/rueidis/v2/cache/backend.go ~ 1
integrations/rueidis/v2/cache/backend_test.go ~ 1
integrations/rueidis/v2/client_config.go ~ 1
integrations/rueidis/v2/provider.go ~ 1
integrations/rueidis/v2/provider_test.go ~ 2
integrations/rueidis/v2/rate_limit.go ~ 1
internal/copy.go ~ 2
internal/quality_value.go ~ 1
internal/query_redaction.go ~ 1
internal/testhelper/assert_panics.go ~ 1
internal/testhelper/http_request.go ~ 1
logging/json_logger.go ~ 4
logging/json_logger_test.go ~ 5
logging/nop_logger.go ~ 1
logging/nop_logger_test.go ~ 1
logging/recover_test.go ~ 1
logging/request_logger.go ~ 1
logging/request_logger_test.go ~ 2
security/access_control.go ~ 1
security/access_control_listener.go ~ 2
security/access_control_listener_test.go ~ 5
security/access_decision_manager.go ~ 1
security/access_decision_manager_test.go ~ 2
security/authenticator_manager_test.go ~ 1
security/config/compile_test.go ~ 1
security/config/security_module_test.go ~ 3
security/firewall_registry_test.go ~ 1
security/role_hierarchy_voter_test.go ~ 2
serializer/serializer_manager_test.go ~ 4
v2/application/application_cli.go ~ 2
v2/application/application_cli_test.go ~ 1
v2/application/application_close.go ~ 1
v2/application/application_close_test.go ~ 1
v2/application/application_container.go ~ 1
v2/application/application_container_test.go ~ 1
v2/application/application.go ~ 2
v2/application/application_http.go ~ 4
v2/application/application_http_test.go ~ 2
v2/application/application_module.go ~ 3
v2/application/application_module_test.go ~ 3
v2/application/application_test.go ~ 5
v2/application/boot_collision.go ~ 1
v2/application/boot_collision_test.go ~ 1
v2/cache/in_memory.go ~ 2
v2/cache/manager.go ~ 2
v2/cache/manager_test.go ~ 1
v2/cache/remember.go ~ 2
v2/cli/command.go ~ 1
v2/cli/command_test.go ~ 3
v2/cli/output/envelope_factory.go ~ 1
v2/cli/output/format.go ~ 1
v2/cli/output/renderer.go ~ 1
v2/cli/output/table_builder.go ~ 1
v2/cli/output/table_printer.go ~ 4
v2/cli/output/table_printer_test.go ~ 4
v2/config/configuration.go ~ 1
v2/config/configuration_resolve.go ~ 3
v2/config/configuration_resolve_test.go ~ 5
v2/config/configuration_test.go ~ 2
v2/config/environment_source.go ~ 1
v2/config/environment_source_test.go ~ 1
v2/config/kernel_test.go ~ 1
v2/config/parameter.go ~ 2
v2/config/parameter_test.go ~ 1
v2/debug/command_container.go ~ 5
v2/debug/command_container_test.go ~ 9
v2/debug/command_event.go ~ 1
v2/debug/command_event_test.go ~ 2
v2/debug/command_middleware.go ~ 1
v2/debug/command_router_test.go ~ 2
v2/event/event_dispatcher_adapter.go ~ 1
v2/event/event_dispatcher_adapter_test.go ~ 1
v2/event/event_dispatcher.go ~ 3
v2/event/event_dispatcher_test.go ~ 1
v2/.example/cli/product_list_command_test.go ~ 1
v2/.example/config/database.go ~ 1
v2/.example/event/user_updated_event.go ~ 1
v2/.example/handler/health_handler.go ~ 1
v2/.example/migration/20260907000001_schema.go ~ 1
v2/.example/migration/ensure.go ~ 3
v2/.example/migration/fixture_test.go ~ 1
v2/.example/presenter/error_presenter.go ~ 1
v2/.example/presenter/error_presenter_test.go ~ 2
v2/.example/repository/in_memory_user_repository_test.go ~ 1
v2/.example/repository/user_repository.go ~ 1
v2/.example/security/password_hasher.go ~ 1
v2/.example/security/password_hasher_test.go ~ 2
v2/.example/security/session_token_resolver_test.go ~ 1
v2/.example/service/cache_key.go ~ 3
v2/.example/service/cache_lookup.go ~ 1
v2/.example/service/cache_lookup_test.go ~ 1
v2/.example/service/user_service_test.go ~ 1
v2/.example/subscriber/cache_invalidation.go ~ 2
v2/.example/subscriber/cache_invalidation_test.go ~ 1
v2/.example/subscriber/user_event_subscriber.go ~ 2
v2/.example/url/route_registry.go ~ 1
v2/.example/url/route_registry_test.go ~ 1
v2/exception/utility_test.go ~ 1
v2/httpclient/header_map_test.go ~ 1
v2/httpclient/http_client.go ~ 6
v2/httpclient/http_client_test.go ~ 11
v2/httpclient/request_option_test.go ~ 1
v2/internal/copy.go ~ 2
v2/internal/quality_value.go ~ 1
v2/internal/query_redaction.go ~ 1
v2/internal/testhelper/assert_panics.go ~ 1
v2/internal/testhelper/http_request.go ~ 1
v2/logging/json_logger.go ~ 4
v2/logging/json_logger_test.go ~ 5
v2/logging/nop_logger.go ~ 1
v2/logging/nop_logger_test.go ~ 1
v2/logging/recover_test.go ~ 1
v2/logging/request_logger.go ~ 1
v2/logging/request_logger_test.go ~ 2
v2/security/access_control.go ~ 1
v2/security/access_control_listener.go ~ 2
v2/security/access_control_listener_test.go ~ 5
v2/security/access_decision_manager.go ~ 1
v2/security/access_decision_manager_test.go ~ 2
v2/security/authenticator_manager_test.go ~ 1
v2/security/config/compile_test.go ~ 1
v2/security/config/security_module_test.go ~ 3
v2/security/firewall_registry_test.go ~ 1
v2/security/role_hierarchy_voter_test.go ~ 2
v2/serializer/serializer_manager_test.go ~ 4
v2/validation/constraint_max_length.go ~ 3
v2/validation/constraint_max_length_test.go ~ 3
v2/validation/constraint_min_length.go ~ 2
v2/validation/constraint_regex.go ~ 1
v2/validation/constraint_regex_test.go ~ 1
v2/validation/contract/constraint.go ~ 1
v2/validation/validator.go ~ 1
v2/validation/validator_test.go ~ 4
validation/constraint_max_length.go ~ 3
validation/constraint_max_length_test.go ~ 3
validation/constraint_min_length.go ~ 2
validation/constraint_regex.go ~ 1
validation/constraint_regex_test.go ~ 1
validation/contract/constraint.go ~ 1
validation/validator.go ~ 1
validation/validator_test.go ~ 4
