# The history clauses each file of the third major still carries in its comments, one line per file.
#
#   path ~ count
#
# Read by .dev/validate/documentation.sh. The count is a ratchet, not an allowance: a file above its line
# fails, a file below it fails until the line is lowered, and a line for a file that carries none fails until
# it is deleted. The comment reduction of the third major lowers these lines slice by slice; the list is empty
# when it is done.

integrations/amqp/v3/publish_half.go                         ~ 2
integrations/amqp/v3/publish_turn.go                         ~ 1
integrations/amqp/v3/server_sent_event_backplane.go          ~ 6
integrations/amqp/v3/server_sent_event_backplane_test.go     ~ 5
integrations/amqp/v3/transport.go                            ~ 10
integrations/amqp/v3/transport_test.go                       ~ 9
integrations/awss3/v3/storage.go                             ~ 3
integrations/bunorm/migrate/v3/base_command.go               ~ 2
integrations/bunorm/migrate/v3/base_command_test.go          ~ 1
integrations/bunorm/migrate/v3/command_create_test.go        ~ 2
integrations/bunorm/migrate/v3/command_migrate.go            ~ 1
integrations/bunorm/migrate/v3/command_migrate_test.go       ~ 3
integrations/bunorm/migrate/v3/command_rollback.go           ~ 1
integrations/bunorm/migrate/v3/command_rollback_test.go      ~ 1
integrations/bunorm/migrate/v3/migrate_test.go               ~ 2
integrations/bunorm/migrate/v3/output.go                     ~ 3
integrations/bunorm/migrate/v3/output_test.go                ~ 2
integrations/bunorm/mysql/v3/provider.go                     ~ 4
integrations/bunorm/mysql/v3/provider_test.go                ~ 1
integrations/bunorm/pgsql/v3/provider.go                     ~ 3
integrations/bunorm/pgsql/v3/provider_test.go                ~ 3
integrations/bunorm/v3/audit/async_storage.go                ~ 9
integrations/bunorm/v3/audit/async_storage_test.go           ~ 4
integrations/bunorm/v3/audit/change.go                       ~ 2
integrations/bunorm/v3/audit/change_test.go                  ~ 3
integrations/bunorm/v3/audit/recorder_test.go                ~ 1
integrations/bunorm/v3/audit/storage.go                      ~ 1
integrations/bunorm/v3/diagnostics.go                        ~ 3
integrations/bunorm/v3/diagnostics_test.go                   ~ 1
integrations/bunorm/v3/encrypt/cipher.go                     ~ 4
integrations/bunorm/v3/encrypt/cipher_test.go                ~ 3
integrations/bunorm/v3/encrypt/encrypt_database_command.go   ~ 1
integrations/bunorm/v3/encrypt/encrypted_string_for_test.go  ~ 1
integrations/bunorm/v3/encrypt/encrypted_string.go           ~ 2
integrations/bunorm/v3/encrypt/migrate.go                    ~ 7
integrations/bunorm/v3/encrypt/migrate_test.go               ~ 6
integrations/bunorm/v3/encrypt/module_test.go                ~ 1
integrations/bunorm/v3/manager_registry.go                   ~ 1
integrations/bunorm/v3/manager_registry_test.go              ~ 3
integrations/bunorm/v3/split.go                              ~ 1
integrations/cron/v3/errors.go                               ~ 1
integrations/cron/v3/generate_command.go                     ~ 3
integrations/cron/v3/generate_command_test.go                ~ 1
integrations/cron/v3/runner_command.go                       ~ 8
integrations/cron/v3/runner_command_test.go                  ~ 5
integrations/cron/v3/schedule_matcher.go                     ~ 1
integrations/cron/v3/schedule_matcher_test.go                ~ 2
integrations/cron/v3/template_k8s.go                         ~ 2
integrations/cron/v3/template_k8s_test.go                    ~ 1
integrations/cron/v3/validation.go                           ~ 2
integrations/opentelemetry/v3/module.go                      ~ 1
integrations/opentelemetry/v3/module_test.go                 ~ 1
integrations/opentelemetry/v3/otlp/module.go                 ~ 2
integrations/opentelemetry/v3/otlp/module_test.go            ~ 3
integrations/opentelemetry/v3/otlp/tracer_provider.go        ~ 1
integrations/outbox/v3/relay_command.go                      ~ 1
integrations/outbox/v3/relay.go                              ~ 2
integrations/outbox/v3/relay_test.go                         ~ 1
integrations/rueidis/v3/cache/backend.go                     ~ 1
integrations/rueidis/v3/cache/backend_test.go                ~ 1
integrations/rueidis/v3/client_config.go                     ~ 1
integrations/rueidis/v3/fixture_test.go                      ~ 2
integrations/rueidis/v3/lock.go                              ~ 1
integrations/rueidis/v3/lock_test.go                         ~ 6
integrations/rueidis/v3/module.go                            ~ 1
integrations/rueidis/v3/nonce_guard_test.go                  ~ 1
integrations/rueidis/v3/provider.go                          ~ 1
integrations/rueidis/v3/provider_test.go                     ~ 2
integrations/rueidis/v3/token_store_test.go                  ~ 1
integrations/websocket/v3/handler.go                         ~ 3
integrations/websocket/v3/handler_test.go                    ~ 3
integrations/websocket/v3/module_test.go                     ~ 1
v3/application/application_cli.go                            ~ 2
v3/application/application_cli_test.go                       ~ 1
v3/application/application_close_test.go                     ~ 1
v3/application/application_container.go                      ~ 1
v3/application/application_container_test.go                 ~ 1
v3/application/application.go                                ~ 2
v3/application/application_http.go                           ~ 4
v3/application/application_http_test.go                      ~ 2
v3/application/application_module.go                         ~ 3
v3/application/application_module_test.go                    ~ 2
v3/application/application_test.go                           ~ 5
v3/application/boot_collision_test.go                        ~ 1
v3/bag/parameter_bag_test.go                                 ~ 1
v3/bag/value_test.go                                         ~ 2
v3/cache/in_memory.go                                        ~ 2
v3/cache/manager_test.go                                     ~ 1
v3/cache/remember_in_flight_test.go                          ~ 1
v3/cache/remember_test.go                                    ~ 1
v3/cli/command_test.go                                       ~ 3
v3/cli/output/envelope_factory.go                            ~ 1
v3/cli/output/format.go                                      ~ 1
v3/cli/output/renderer.go                                    ~ 1
v3/cli/output/table_builder.go                               ~ 1
v3/cli/output/table_printer.go                               ~ 4
v3/cli/output/table_printer_test.go                          ~ 5
v3/config/configuration.go                                   ~ 1
v3/config/configuration_resolve.go                           ~ 1
v3/config/configuration_resolve_test.go                      ~ 4
v3/config/configuration_test.go                              ~ 2
v3/config/environment_source_test.go                         ~ 1
v3/config/kernel.go                                          ~ 1
v3/config/kernel_test.go                                     ~ 1
v3/config/parameter.go                                       ~ 1
v3/config/parameter_test.go                                  ~ 1
v3/event/event_dispatcher.go                                 ~ 1
v3/event/event_dispatcher_test.go                            ~ 2
v3/.example/cli/cache_clear_command.go                       ~ 1
v3/.example/cli/catalog_report_refresh_command.go            ~ 4
v3/.example/cli/catalog_report_refresh_command_test.go       ~ 3
v3/.example/cli/currency_refresh_rates_command_test.go       ~ 1
v3/.example/cli/database_reset_command_test.go               ~ 3
v3/.example/cli/grant_role_command.go                        ~ 3
v3/.example/cli/grant_role_command_test.go                   ~ 5
v3/.example/cli/product_list_command.go                      ~ 2
v3/.example/config/configure_test.go                         ~ 2
v3/.example/config/database.go                               ~ 2
v3/.example/config/database_test.go                          ~ 2
v3/.example/config/event_test.go                             ~ 1
v3/.example/config/httpclient.go                             ~ 3
v3/.example/config/messagebus.go                             ~ 1
v3/.example/config/messagebus_test.go                        ~ 2
v3/.example/config/middleware.go                             ~ 1
v3/.example/config/security.go                               ~ 1
v3/.example/config/service_test.go                           ~ 1
v3/.example/config/trusted_proxy.go                          ~ 1
v3/.example/config/trusted_proxy_test.go                     ~ 5
v3/.example/config/wiring_test.go                            ~ 2
v3/.example/entity/rate_quote.go                             ~ 2
v3/.example/entity/rate_quote_test.go                        ~ 1
v3/.example/event/user_updated_event.go                      ~ 1
v3/.example/handler/event/stream_handler.go                  ~ 1
v3/.example/handler/event/stream_handler_test.go             ~ 2
v3/.example/handler/event/topic.go                           ~ 2
v3/.example/handler/product/create_handler.go                ~ 1
v3/.example/handler/twofactor/two_factor_handler.go          ~ 1
v3/.example/handler/twofactor/two_factor_handler_test.go     ~ 2
v3/.example/handler/user/read_handler.go                     ~ 1
v3/.example/handler/user/read_handler_test.go                ~ 1
v3/.example/handler/user/update_handler_test.go              ~ 1
v3/.example/main.go                                          ~ 1
v3/.example/migration/20260907000001_schema.go               ~ 2
v3/.example/migration/ensure.go                              ~ 1
v3/.example/migration/ensure_test.go                         ~ 2
v3/.example/migration/migration_test.go                      ~ 1
v3/.example/migration/schema_drift.go                        ~ 1
v3/.example/presenter/error_presenter_test.go                ~ 1
v3/.example/reporting/report_exporter_test.go                ~ 1
v3/.example/reporting/report_service_test.go                 ~ 3
v3/.example/repository/bun_user_repository.go                ~ 1
v3/.example/repository/bun_user_repository_test.go           ~ 4
v3/.example/repository/currency_repository.go                ~ 1
v3/.example/repository/in_memory_currency_repository_test.go ~ 2
v3/.example/repository/in_memory_user_repository_test.go     ~ 1
v3/.example/security/password_hasher.go                      ~ 1
v3/.example/security/password_hasher_test.go                 ~ 1
v3/.example/service/cache_key.go                             ~ 2
v3/.example/service/cache_lookup.go                          ~ 2
v3/.example/service/cache_lookup_test.go                     ~ 1
v3/.example/service/currency_service.go                      ~ 2
v3/.example/service/currency_service_test.go                 ~ 4
v3/.example/service/provider_clock.go                        ~ 5
v3/.example/service/rate_refresh_service.go                  ~ 1
v3/.example/service/rate_refresh_service_test.go             ~ 8
v3/.example/service/user_service.go                          ~ 1
v3/.example/service/user_service_test.go                     ~ 4
v3/.example/subscriber/catalog_notification.go               ~ 1
v3/.example/subscriber/user_event_subscriber.go              ~ 1
v3/.example/twofactor/store.go                               ~ 1
v3/.example/twofactor/store_test.go                          ~ 1
v3/.example/url/route_registry.go                            ~ 1
v3/http/accept_test.go                                       ~ 1
v3/httpclient/http_client.go                                 ~ 3
v3/httpclient/http_client_test.go                            ~ 7
v3/httpclient/request_option_test.go                         ~ 1
v3/httpclient/transport_config_test.go                       ~ 2
v3/http/command_route_manifest.go                            ~ 1
v3/http/command_route_manifest_test.go                       ~ 2
v3/http/constraint.go                                        ~ 1
v3/http/cors/service_test.go                                 ~ 1
v3/http/kernel.go                                            ~ 2
v3/http/kernel_test.go                                       ~ 5
v3/http/middleware/client_ip_test.go                         ~ 1
v3/http/middleware/compression_test.go                       ~ 2
v3/http/middleware/cors_test.go                              ~ 1
v3/http/middleware/pipeline/builder.go                       ~ 1
v3/http/middleware/pipeline/builder_test.go                  ~ 1
v3/http/middleware/pipeline/report_test.go                   ~ 1
v3/http/middleware/rate_limit.go                             ~ 2
v3/http/middleware/rate_limit_test.go                        ~ 1
v3/http/response_writer_test.go                              ~ 1
v3/http/route_manifest.go                                    ~ 2
v3/http/route_manifest_test.go                               ~ 3
v3/http/router.go                                            ~ 2
v3/http/router_utility.go                                    ~ 5
v3/http/server_sent_event.go                                 ~ 2
v3/http/server_sent_event_hub.go                             ~ 2
v3/http/server_sent_event_test.go                            ~ 3
v3/http/static/etag_test.go                                  ~ 1
v3/http/static/file_server.go                                ~ 2
v3/http/static/file_server_test.go                           ~ 2
v3/http/typed_handler_test.go                                ~ 3
v3/lock/leader_gate.go                                       ~ 2
v3/lock/leader_gate_test.go                                  ~ 3
v3/lock/run_exclusive_test.go                                ~ 4
v3/logging/json_logger.go                                    ~ 3
v3/logging/json_logger_test.go                               ~ 3
v3/logging/logger_test.go                                    ~ 1
v3/logging/nop_logger.go                                     ~ 1
v3/logging/nop_logger_test.go                                ~ 1
v3/logging/recover.go                                        ~ 2
v3/logging/recover_test.go                                   ~ 2
v3/logging/reopenable_file_writer.go                         ~ 1
v3/mailer/smtp_transport.go                                  ~ 1
v3/mailer/smtp_transport_test.go                             ~ 3
v3/messagebus/manager_test.go                                ~ 1
v3/messagebus/service_resolver.go                            ~ 1
v3/messagebus/service_resolver_test.go                       ~ 2
v3/openapi/generate_command_test.go                          ~ 3
v3/openapi/generator_test.go                                 ~ 2
v3/openapi/schema.go                                         ~ 5
v3/openapi/schema_test.go                                    ~ 10
v3/security/access_control_listener_test.go                  ~ 2
v3/security/accesscontrol/rule_test.go                       ~ 1
v3/security/contract/two_factor.go                           ~ 1
v3/security/firewall_registry_test.go                        ~ 1
v3/security/hmac_signer.go                                   ~ 1
v3/security/hmac_token_source.go                             ~ 3
v3/security/hmac_token_source_test.go                        ~ 1
v3/security/impersonation_token_source.go                    ~ 1
v3/security/impersonation_token_source_test.go               ~ 1
v3/security/impersonation_token_test.go                      ~ 1
v3/serializer/serializer_manager_test.go                     ~ 1
v3/session/file_storage.go                                   ~ 6
v3/session/in_memory_storage.go                              ~ 1
v3/session/manager.go                                        ~ 2
v3/storage/local.go                                          ~ 1
v3/storage/local_test.go                                     ~ 1
v3/translation/json_loader_test.go                           ~ 1
v3/translation/manager_test.go                               ~ 3
v3/translation/message_format.go                             ~ 1
v3/validation/constraint_max_length.go                       ~ 2
v3/validation/constraint_max_length_test.go                  ~ 3
v3/validation/constraint_min_length.go                       ~ 2
v3/validation/constraint_regex.go                            ~ 1
v3/validation/constraint_regex_test.go                       ~ 1
v3/validation/validator.go                                   ~ 1
v3/validation/validator_test.go                              ~ 4
v3/wiring/bind_set_test.go                                   ~ 1
v3/wiring/generate_command.go                                ~ 1
v3/wiring/generate_command_test.go                           ~ 1
v3/wiring/generator_test.go                                  ~ 1
v3/wiring/internal/fixture/doc.go                            ~ 2
